[www.tomscott.com/index.html]
[backblue.gif]
[fade.gif]
[index.html]
[www.tomscott.com/updates.xml]
[www.tomscott.com/img/default.jpg]
[www.tomscott.com/index.html]
[www.tomscott.com/contact/index.html]
[www.tomscott.com/contact/index.html]
[www.tomscott.com/newsletter/index.html]
[www.tomscott.com/newsletter/index.html]
[www.tomscott.com/contact/ads/index.html]
[www.tomscott.com/contact/pr/index.html]
[www.tomscott.com/img/lateral.html]
[www.tomscott.com/contact/promotion/index.html]
[www.tomscott.com/contact/reviews/index.html]
[www.tomscott.com/img/newsletter.html]
[www.tomscott.com/contact/ideas/index.html]
[www.tomscott.com/img/techdif.html]
[www.tomscott.com/contact/collab/index.html]
[www.tomscott.com/img/zerog.html]
[www.tomscott.com/contact/translations/index.html]
[www.tomscott.com/contact/licensing/index.html]
[www.tomscott.com/img/plus.html]
[www.tomscott.com/contact/shorts/index.html]
[www.tomscott.com/contact/ads/index.html]
[www.tomscott.com/contact/appearing/index.html]
[www.tomscott.com/speaking/index.html]
[www.tomscott.com/contact/networks/index.html]
[www.tomscott.com/contact/pr/index.html]
[www.tomscott.com/contact/merchandise/index.html]
[www.tomscott.com/contact/else/index.html]
[www.tomscott.com/contact/promotion/index.html]
[www.tomscott.com/newsletter/2025-02-24/index.html]
[www.tomscott.com/newsletter/2025-02-17/index.html]
[www.tomscott.com/newsletter/2025-02-10/index.html]
[www.tomscott.com/contact/reviews/index.html]
[www.tomscott.com/newsletter/2025-02-03/index.html]
[www.tomscott.com/newsletter/2025-01-27/index.html]
[www.tomscott.com/newsletter/2025-01-20/index.html]
[www.tomscott.com/newsletter/2025-01-13/index.html]
[www.tomscott.com/newsletter/2025-01-06/index.html]
[www.tomscott.com/newsletter/2024-12-30/index.html]
[www.tomscott.com/newsletter/2024-12-16/index.html]
[www.tomscott.com/contact/ideas/index.html]
[www.tomscott.com/contact/collab/index.html]
[www.tomscott.com/contact/licensing/index.html]
[www.tomscott.com/newsletter/2024-12-09/index.html]
[www.tomscott.com/newsletter/2024-12-23/index.html]
[www.tomscott.com/contact/translations/index.html]
[www.tomscott.com/newsletter/2024-12-02/index.html]
[www.tomscott.com/newsletter/2024-11-25/index.html]
[www.tomscott.com/contact/shorts/index.html]
[www.tomscott.com/newsletter/2024-11-18/index.html]
[www.tomscott.com/newsletter/2024-11-04/index.html]
[www.tomscott.com/contact/appearing/index.html]
[www.tomscott.com/newsletter/2024-10-28/index.html]
[www.tomscott.com/newsletter/2024-11-11/index.html]
[www.tomscott.com/speaking/index.html]
[www.tomscott.com/newsletter/2024-10-21/index.html]
[www.tomscott.com/newsletter/2024-10-14/index.html]
[www.tomscott.com/contact/networks/index.html]
[www.tomscott.com/newsletter/2024-10-07/index.html]
[www.tomscott.com/newsletter/2024-09-30/index.html]
[www.tomscott.com/contact/merchandise/index.html]
[www.tomscott.com/newsletter/2024-09-23/index.html]
[www.tomscott.com/newsletter/2024-09-16/index.html]
[www.tomscott.com/contact/else/index.html]
[www.tomscott.com/newsletter/2024-09-09/index.html]
[www.tomscott.com/newsletter/2024-09-02/index.html]
[www.tomscott.com/newsletter/2025-02-24/index.html]
[www.tomscott.com/newsletter/2024-08-26/index.html]
[www.tomscott.com/newsletter/2024-08-19/index.html]
[www.tomscott.com/newsletter/2024-08-12/index.html]
[www.tomscott.com/newsletter/2025-02-17/index.html]
[www.tomscott.com/newsletter/2024-08-05/index.html]
[www.tomscott.com/newsletter/2025-02-10/index.html]
[www.tomscott.com/newsletter/2024-07-29/index.html]
[www.tomscott.com/newsletter/2024-07-22/index.html]
[www.tomscott.com/newsletter/2025-02-03/index.html]
[www.tomscott.com/newsletter/2024-07-15/index.html]
[www.tomscott.com/newsletter/2024-07-08/index.html]
[www.tomscott.com/newsletter/2025-01-27/index.html]
[www.tomscott.com/newsletter/2024-07-01/index.html]
[www.tomscott.com/newsletter/2024-06-24/index.html]
[www.tomscott.com/newsletter/2025-01-20/index.html]
[www.tomscott.com/newsletter/2024-06-17/index.html]
[www.tomscott.com/newsletter/2024-06-10/index.html]
[www.tomscott.com/newsletter/2025-01-13/index.html]
[www.tomscott.com/newsletter/2024-06-03/index.html]
[www.tomscott.com/newsletter/2024-05-27/index.html]
[www.tomscott.com/newsletter/2025-01-06/index.html]
[www.tomscott.com/newsletter/2024-05-20/index.html]
[www.tomscott.com/newsletter/2024-05-13/index.html]
[www.tomscott.com/newsletter/2024-12-30/index.html]
[www.tomscott.com/newsletter/2024-05-06/index.html]
[www.tomscott.com/newsletter/2024-04-29/index.html]
[www.tomscott.com/newsletter/2024-12-23/index.html]
[www.tomscott.com/newsletter/2024-04-22/index.html]
[www.tomscott.com/newsletter/2024-04-15/index.html]
[www.tomscott.com/newsletter/2024-12-16/index.html]
[www.tomscott.com/newsletter/2024-04-08/index.html]
[www.tomscott.com/newsletter/2024-04-01/index.html]
[www.tomscott.com/newsletter/2024-12-09/index.html]
[www.tomscott.com/newsletter/2024-03-25/index.html]
[www.tomscott.com/newsletter/2024-03-18/index.html]
[www.tomscott.com/newsletter/2024-12-02/index.html]
[www.tomscott.com/newsletter/2024-03-11/index.html]
[www.tomscott.com/newsletter/2024-03-04/index.html]
[www.tomscott.com/newsletter/2024-11-25/index.html]
[www.tomscott.com/newsletter/2024-02-26/index.html]
[www.tomscott.com/newsletter/2024-02-19/index.html]
[www.tomscott.com/newsletter/2024-11-18/index.html]
[www.tomscott.com/newsletter/2024-02-12/index.html]
[www.tomscott.com/newsletter/2024-02-05/index.html]
[www.tomscott.com/newsletter/2024-11-11/index.html]
[www.tomscott.com/newsletter/2024-01-29/index.html]
[www.tomscott.com/newsletter/2024-01-22/index.html]
[www.tomscott.com/newsletter/2024-11-04/index.html]
[www.tomscott.com/newsletter/2024-01-15/index.html]
[www.tomscott.com/newsletter/2024-01-08/index.html]
[www.tomscott.com/newsletter/2024-10-28/index.html]
[www.tomscott.com/newsletter/2023-12-25/index.html]
[www.tomscott.com/newsletter/2024-01-01/index.html]
[www.tomscott.com/newsletter/2024-10-21/index.html]
[www.tomscott.com/newsletter/2023-12-18/index.html]
[www.tomscott.com/newsletter/2024-10-14/index.html]
[www.tomscott.com/newsletter/2023-12-11/index.html]
[www.tomscott.com/newsletter/2023-12-04/index.html]
[www.tomscott.com/newsletter/2024-10-07/index.html]
[www.tomscott.com/newsletter/2023-11-27/index.html]
[www.tomscott.com/newsletter/2023-11-20/index.html]
[www.tomscott.com/newsletter/2024-09-30/index.html]
[www.tomscott.com/newsletter/2023-11-13/index.html]
[www.tomscott.com/newsletter/2023-11-06/index.html]
[www.tomscott.com/newsletter/2024-09-23/index.html]
[www.tomscott.com/newsletter/2023-10-30/index.html]
[www.tomscott.com/newsletter/2023-10-23/index.html]
[www.tomscott.com/newsletter/2024-09-16/index.html]
[www.tomscott.com/newsletter/2023-10-16/index.html]
[www.tomscott.com/newsletter/2023-10-09/index.html]
[www.tomscott.com/newsletter/2024-09-09/index.html]
[www.tomscott.com/newsletter/2023-10-02/index.html]
[www.tomscott.com/newsletter/2023-09-25/index.html]
[www.tomscott.com/newsletter/2024-09-02/index.html]
[www.tomscott.com/newsletter/2023-09-18/index.html]
[www.tomscott.com/newsletter/2023-09-11/index.html]
[www.tomscott.com/newsletter/2024-08-26/index.html]
[www.tomscott.com/newsletter/2023-09-04/index.html]
[www.tomscott.com/newsletter/2023-08-28/index.html]
[www.tomscott.com/newsletter/2024-08-19/index.html]
[www.tomscott.com/newsletter/2023-08-21/index.html]
[www.tomscott.com/newsletter/2023-08-14/index.html]
[www.tomscott.com/newsletter/2024-08-12/index.html]
[www.tomscott.com/newsletter/2023-08-07/index.html]
[www.tomscott.com/newsletter/2023-07-31/index.html]
[www.tomscott.com/newsletter/2024-08-05/index.html]
[www.tomscott.com/newsletter/2023-07-24/index.html]
[www.tomscott.com/newsletter/2023-07-17/index.html]
[www.tomscott.com/newsletter/2024-07-29/index.html]
[www.tomscott.com/newsletter/2023-07-10/index.html]
[www.tomscott.com/newsletter/2023-07-03/index.html]
[www.tomscott.com/newsletter/2024-07-22/index.html]
[www.tomscott.com/newsletter/2023-06-26/index.html]
[www.tomscott.com/newsletter/2023-06-19/index.html]
[www.tomscott.com/newsletter/2023-06-12/index.html]
[www.tomscott.com/newsletter/2024-07-15/index.html]
[www.tomscott.com/newsletter/2023-06-05/index.html]
[www.tomscott.com/newsletter/2024-07-08/index.html]
[www.tomscott.com/newsletter/2023-05-29/index.html]
[www.tomscott.com/newsletter/2023-05-22/index.html]
[www.tomscott.com/newsletter/2024-07-01/index.html]
[www.tomscott.com/newsletter/2023-05-15/index.html]
[www.tomscott.com/newsletter/2023-05-08/index.html]
[www.tomscott.com/newsletter/2024-06-24/index.html]
[www.tomscott.com/newsletter/2023-05-01/index.html]
[www.tomscott.com/newsletter/2023-04-24/index.html]
[www.tomscott.com/newsletter/2024-06-17/index.html]
[www.tomscott.com/newsletter/2023-04-17/index.html]
[www.tomscott.com/newsletter/2023-04-10/index.html]
[www.tomscott.com/newsletter/2024-06-10/index.html]
[www.tomscott.com/newsletter/2023-04-03/index.html]
[www.tomscott.com/newsletter/2023-03-27/index.html]
[www.tomscott.com/newsletter/2023-03-20/index.html]
[www.tomscott.com/newsletter/2024-06-03/index.html]
[www.tomscott.com/newsletter/2023-03-13/index.html]
[www.tomscott.com/newsletter/2024-05-27/index.html]
[www.tomscott.com/newsletter/2023-03-06/index.html]
[www.tomscott.com/newsletter/2023-02-27/index.html]
[www.tomscott.com/newsletter/2024-05-20/index.html]
[www.tomscott.com/newsletter/2023-02-20/index.html]
[www.tomscott.com/newsletter/2023-02-13/index.html]
[www.tomscott.com/newsletter/2024-05-13/index.html]
[www.tomscott.com/newsletter/2023-02-06/index.html]
[www.tomscott.com/newsletter/2023-01-30/index.html]
[www.tomscott.com/newsletter/2024-05-06/index.html]
[www.tomscott.com/newsletter/2023-01-23/index.html]
[www.tomscott.com/newsletter/2023-01-16/index.html]
[www.tomscott.com/newsletter/2024-04-29/index.html]
[www.tomscott.com/newsletter/2023-01-09/index.html]
[www.tomscott.com/newsletter/2023-01-02/index.html]
[www.tomscott.com/newsletter/2024-04-22/index.html]
[www.tomscott.com/newsletter/2022-12-26/index.html]
[www.tomscott.com/newsletter/2022-12-19/index.html]
[www.tomscott.com/newsletter/2024-04-15/index.html]
[www.tomscott.com/newsletter/2022-12-12/index.html]
[www.tomscott.com/newsletter/2022-12-05/index.html]
[www.tomscott.com/newsletter/2024-04-08/index.html]
[www.tomscott.com/newsletter/2022-11-28/index.html]
[www.tomscott.com/newsletter/2022-11-21/index.html]
[www.tomscott.com/newsletter/2024-04-01/index.html]
[www.tomscott.com/newsletter/2022-11-14/index.html]
[www.tomscott.com/newsletter/2022-11-07/index.html]
[www.tomscott.com/newsletter/2024-03-25/index.html]
[www.tomscott.com/newsletter/2022-10-31/index.html]
[www.tomscott.com/newsletter/2022-10-17/index.html]
[www.tomscott.com/newsletter/2022-10-24/index.html]
[www.tomscott.com/newsletter/2024-03-18/index.html]
[www.tomscott.com/newsletter/2022-10-10/index.html]
[www.tomscott.com/newsletter/2022-10-03/index.html]
[www.tomscott.com/newsletter/2024-03-11/index.html]
[www.tomscott.com/newsletter/2022-09-19/index.html]
[www.tomscott.com/newsletter/2022-09-26/index.html]
[www.tomscott.com/newsletter/2024-03-04/index.html]
[www.tomscott.com/newsletter/2022-09-12/index.html]
[www.tomscott.com/newsletter/2022-09-05/index.html]
[www.tomscott.com/newsletter/2024-02-26/index.html]
[www.tomscott.com/newsletter/2022-08-29/index.html]
[www.tomscott.com/newsletter/2022-08-22/index.html]
[www.tomscott.com/newsletter/2022-08-15/index.html]
[www.tomscott.com/newsletter/2024-02-19/index.html]
[www.tomscott.com/newsletter/2022-08-08/index.html]
[www.tomscott.com/newsletter/2024-02-12/index.html]
[www.tomscott.com/newsletter/2022-08-01/index.html]
[www.tomscott.com/newsletter/2022-07-25/index.html]
[www.tomscott.com/newsletter/2024-02-05/index.html]
[www.tomscott.com/newsletter/2022-07-18/index.html]
[www.tomscott.com/newsletter/2022-07-11/index.html]
[www.tomscott.com/newsletter/2024-01-29/index.html]
[www.tomscott.com/newsletter/2022-07-04/index.html]
[www.tomscott.com/newsletter/2022-06-27/index.html]
[www.tomscott.com/newsletter/2024-01-22/index.html]
[www.tomscott.com/newsletter/2022-06-20/index.html]
[www.tomscott.com/newsletter/2022-06-13/index.html]
[www.tomscott.com/newsletter/2024-01-15/index.html]
[www.tomscott.com/newsletter/2022-06-06/index.html]
[www.tomscott.com/newsletter/2022-05-30/index.html]
[www.tomscott.com/newsletter/2024-01-08/index.html]
[www.tomscott.com/newsletter/2022-05-23/index.html]
[www.tomscott.com/newsletter/2022-05-16/index.html]
[www.tomscott.com/newsletter/2024-01-01/index.html]
[www.tomscott.com/newsletter/2022-05-09/index.html]
[www.tomscott.com/newsletter/2022-05-02/index.html]
[www.tomscott.com/newsletter/2022-04-25/index.html]
[www.tomscott.com/newsletter/2023-12-25/index.html]
[www.tomscott.com/newsletter/2022-04-18/index.html]
[www.tomscott.com/newsletter/2023-12-18/index.html]
[www.tomscott.com/newsletter/2022-04-11/index.html]
[www.tomscott.com/newsletter/2022-04-04/index.html]
[www.tomscott.com/newsletter/2023-12-11/index.html]
[www.tomscott.com/newsletter/2022-03-28/index.html]
[www.tomscott.com/newsletter/2022-03-21/index.html]
[www.tomscott.com/newsletter/2023-12-04/index.html]
[www.tomscott.com/newsletter/2022-03-14/index.html]
[www.tomscott.com/newsletter/2022-03-07/index.html]
[www.tomscott.com/newsletter/2023-11-27/index.html]
[www.tomscott.com/newsletter/2022-02-28/index.html]
[www.tomscott.com/newsletter/2022-02-21/index.html]
[www.tomscott.com/newsletter/2023-11-20/index.html]
[www.tomscott.com/newsletter/2022-02-14/index.html]
[www.tomscott.com/newsletter/2022-02-07/index.html]
[www.tomscott.com/newsletter/2023-11-13/index.html]
[www.tomscott.com/newsletter/2022-01-31/index.html]
[www.tomscott.com/newsletter/2022-01-24/index.html]
[www.tomscott.com/newsletter/2023-11-06/index.html]
[www.tomscott.com/newsletter/2022-01-17/index.html]
[www.tomscott.com/newsletter/2022-01-10/index.html]
[www.tomscott.com/newsletter/2023-10-30/index.html]
[www.tomscott.com/newsletter/2022-01-03/index.html]
[www.tomscott.com/newsletter/2021-12-27/index.html]
[www.tomscott.com/newsletter/2023-10-23/index.html]
[www.tomscott.com/newsletter/2021-12-20/index.html]
[www.tomscott.com/newsletter/2021-12-13/index.html]
[www.tomscott.com/newsletter/2023-10-16/index.html]
[www.tomscott.com/newsletter/2021-12-06/index.html]
[www.tomscott.com/newsletter/2021-11-29/index.html]
[www.tomscott.com/newsletter/2023-10-09/index.html]
[www.tomscott.com/newsletter/2021-11-22/index.html]
[www.tomscott.com/newsletter/2021-11-15/index.html]
[www.tomscott.com/newsletter/2023-10-02/index.html]
[www.tomscott.com/newsletter/2021-11-08/index.html]
[www.tomscott.com/newsletter/2021-11-01/index.html]
[www.tomscott.com/newsletter/2023-09-25/index.html]
[www.tomscott.com/newsletter/2021-10-25/index.html]
[www.tomscott.com/newsletter/2021-10-18/index.html]
[www.tomscott.com/newsletter/2023-09-18/index.html]
[www.tomscott.com/newsletter/2021-10-11/index.html]
[www.tomscott.com/newsletter/2021-10-04/index.html]
[www.tomscott.com/newsletter/2023-09-11/index.html]
[www.tomscott.com/newsletter/2021-09-27/index.html]
[www.tomscott.com/newsletter/2021-09-20/index.html]
[www.tomscott.com/newsletter/2023-09-04/index.html]
[www.tomscott.com/newsletter/2021-09-13/index.html]
[www.tomscott.com/newsletter/2021-09-06/index.html]
[www.tomscott.com/newsletter/2023-08-28/index.html]
[www.tomscott.com/newsletter/2021-08-30/index.html]
[www.tomscott.com/newsletter/2021-08-23/index.html]
[www.tomscott.com/newsletter/2023-08-21/index.html]
[www.tomscott.com/newsletter/2021-08-16/index.html]
[www.tomscott.com/newsletter/2021-08-09/index.html]
[www.tomscott.com/newsletter/2023-08-14/index.html]
[www.tomscott.com/newsletter/2021-08-02/index.html]
[www.tomscott.com/newsletter/2021-07-26/index.html]
[www.tomscott.com/newsletter/2023-08-07/index.html]
[www.tomscott.com/newsletter/2021-07-19/index.html]
[www.tomscott.com/newsletter/2021-07-12/index.html]
[www.tomscott.com/newsletter/2023-07-31/index.html]
[www.tomscott.com/newsletter/2021-07-05/index.html]
[www.tomscott.com/newsletter/2021-06-28/index.html]
[www.tomscott.com/newsletter/2021-06-21/index.html]
[www.tomscott.com/newsletter/2023-07-24/index.html]
[www.tomscott.com/newsletter/2021-06-14/index.html]
[www.tomscott.com/newsletter/2023-07-17/index.html]
[www.tomscott.com/newsletter/2021-06-07/index.html]
[www.tomscott.com/newsletter/2021-05-31/index.html]
[www.tomscott.com/newsletter/2021-05-24/index.html]
[www.tomscott.com/newsletter/2023-07-10/index.html]
[www.tomscott.com/newsletter/2021-05-17/index.html]
[www.tomscott.com/newsletter/2023-07-03/index.html]
[www.tomscott.com/contact/ideas/affiliated/index.html]
[www.tomscott.com/newsletter/2023-06-26/index.html]
[www.tomscott.com/newsletter/2023-06-19/index.html]
[www.tomscott.com/newsletter/2023-06-12/index.html]
[www.tomscott.com/newsletter/2023-06-05/index.html]
[www.tomscott.com/newsletter/2023-05-29/index.html]
[www.tomscott.com/newsletter/2023-05-22/index.html]
[www.tomscott.com/newsletter/2023-05-15/index.html]
[www.tomscott.com/newsletter/2023-05-08/index.html]
[www.tomscott.com/newsletter/2023-05-01/index.html]
[www.tomscott.com/newsletter/2023-04-24/index.html]
[www.tomscott.com/newsletter/2023-04-17/index.html]
[www.tomscott.com/newsletter/2023-04-10/index.html]
[www.tomscott.com/newsletter/2023-04-03/index.html]
[www.tomscott.com/newsletter/2023-03-27/index.html]
[www.tomscott.com/newsletter/2023-03-20/index.html]
[www.tomscott.com/newsletter/2023-03-13/index.html]
[www.tomscott.com/newsletter/2023-03-06/index.html]
[www.tomscott.com/newsletter/2023-02-27/index.html]
[www.tomscott.com/contact/ideas/nota/index.html]
[www.tomscott.com/newsletter/2023-02-20/index.html]
[www.tomscott.com/newsletter/2023-02-13/index.html]
[www.tomscott.com/newsletter/2023-02-06/index.html]
[www.tomscott.com/newsletter/2023-01-30/index.html]
[www.tomscott.com/newsletter/2023-01-23/index.html]
[www.tomscott.com/newsletter/2023-01-16/index.html]
[www.tomscott.com/newsletter/2023-01-09/index.html]
[www.tomscott.com/newsletter/2023-01-02/index.html]
[www.tomscott.com/newsletter/2022-12-26/index.html]
[www.tomscott.com/newsletter/2022-12-19/index.html]
[www.tomscott.com/newsletter/2022-12-12/index.html]
[www.tomscott.com/newsletter/2022-12-05/index.html]
[www.tomscott.com/newsletter/2022-11-28/index.html]
[www.tomscott.com/newsletter/2022-11-21/index.html]
[www.tomscott.com/newsletter/2022-11-14/index.html]
[www.tomscott.com/newsletter/2022-11-07/index.html]
[www.tomscott.com/newsletter/2022-10-31/index.html]
[www.tomscott.com/newsletter/2022-10-24/index.html]
[www.tomscott.com/newsletter/2022-10-17/index.html]
[www.tomscott.com/newsletter/2022-10-10/index.html]
[www.tomscott.com/newsletter/2022-10-03/index.html]
[www.tomscott.com/newsletter/2022-09-26/index.html]
[www.tomscott.com/newsletter/2022-09-19/index.html]
[www.tomscott.com/newsletter/2022-09-12/index.html]
[www.tomscott.com/newsletter/2022-09-05/index.html]
[www.tomscott.com/newsletter/2022-08-29/index.html]
[www.tomscott.com/newsletter/2022-08-22/index.html]
[www.tomscott.com/newsletter/2022-08-15/index.html]
[www.tomscott.com/newsletter/2022-08-08/index.html]
[www.tomscott.com/newsletter/2022-08-01/index.html]
[www.tomscott.com/newsletter/2022-07-25/index.html]
[www.tomscott.com/newsletter/2022-07-18/index.html]
[www.tomscott.com/newsletter/2022-07-11/index.html]
[www.tomscott.com/newsletter/2022-07-04/index.html]
[www.tomscott.com/newsletter/2022-06-27/index.html]
[www.tomscott.com/newsletter/2022-06-20/index.html]
[www.tomscott.com/newsletter/2022-06-13/index.html]
[www.tomscott.com/newsletter/2022-06-06/index.html]
[www.tomscott.com/newsletter/2022-05-30/index.html]
[www.tomscott.com/newsletter/2022-05-23/index.html]
[www.tomscott.com/newsletter/2022-05-16/index.html]
[www.tomscott.com/newsletter/2022-05-09/index.html]
[www.tomscott.com/newsletter/2022-05-02/index.html]
[www.tomscott.com/newsletter/2022-04-25/index.html]
[www.tomscott.com/newsletter/2022-04-18/index.html]
[www.tomscott.com/newsletter/2022-04-11/index.html]
[www.tomscott.com/newsletter/2022-04-04/index.html]
[www.tomscott.com/newsletter/2022-03-28/index.html]
[www.tomscott.com/newsletter/2022-03-21/index.html]
[www.tomscott.com/newsletter/2022-03-14/index.html]
[www.tomscott.com/newsletter/2022-03-07/index.html]
[www.tomscott.com/newsletter/2022-02-28/index.html]
[www.tomscott.com/newsletter/2022-02-21/index.html]
[www.tomscott.com/newsletter/2022-02-14/index.html]
[www.tomscott.com/newsletter/2022-02-07/index.html]
[www.tomscott.com/newsletter/2022-01-31/index.html]
[www.tomscott.com/newsletter/2022-01-24/index.html]
[www.tomscott.com/newsletter/2022-01-17/index.html]
[www.tomscott.com/newsletter/2022-01-10/index.html]
[www.tomscott.com/newsletter/2022-01-03/index.html]
[www.tomscott.com/newsletter/2021-12-27/index.html]
[www.tomscott.com/newsletter/2021-12-20/index.html]
[www.tomscott.com/newsletter/2021-12-13/index.html]
[www.tomscott.com/newsletter/2021-12-06/index.html]
[www.tomscott.com/newsletter/2021-11-29/index.html]
[www.tomscott.com/newsletter/2021-11-22/index.html]
[www.tomscott.com/newsletter/2021-11-15/index.html]
[www.tomscott.com/newsletter/2021-11-08/index.html]
[www.tomscott.com/newsletter/2021-11-01/index.html]
[www.tomscott.com/newsletter/2021-10-25/index.html]
[www.tomscott.com/newsletter/2021-10-18/index.html]
[www.tomscott.com/newsletter/2021-10-11/index.html]
[www.tomscott.com/newsletter/2021-10-04/index.html]
[www.tomscott.com/newsletter/2021-09-27/index.html]
[www.tomscott.com/newsletter/2021-09-20/index.html]
[www.tomscott.com/newsletter/2021-09-13/index.html]
[www.tomscott.com/newsletter/2021-09-06/index.html]
[www.tomscott.com/newsletter/2021-08-30/index.html]
[www.tomscott.com/newsletter/2021-08-23/index.html]
[www.tomscott.com/newsletter/2021-08-16/index.html]
[www.tomscott.com/newsletter/2021-08-09/index.html]
[www.tomscott.com/newsletter/2021-08-02/index.html]
[www.tomscott.com/newsletter/2021-07-26/index.html]
[www.tomscott.com/newsletter/2021-07-19/index.html]
[www.tomscott.com/newsletter/2021-07-12/index.html]
[www.tomscott.com/newsletter/2021-07-05/index.html]
[www.tomscott.com/newsletter/2021-06-28/index.html]
[www.tomscott.com/newsletter/2021-06-21/index.html]
[www.tomscott.com/newsletter/2021-06-14/index.html]
[www.tomscott.com/newsletter/2021-06-07/index.html]
[www.tomscott.com/newsletter/2021-05-31/index.html]
[www.tomscott.com/newsletter/2021-05-24/index.html]
[www.tomscott.com/newsletter/2021-05-17/index.html]
[www.tomscott.com/newsletter/${randomLinkData.date}/index.html]
[www.tomscott.com/contact/ideas/affiliated/index.html]
[www.tomscott.com/contact/ideas/format/index.html]
[www.tomscott.com/contact/ideas/format/index.html]
[www.tomscott.com/contact/ideas/nota/index.html]
[www.tomscott.com/lastcall/index.html]
[www.tomscott.com/help/index.html]
[www.tomscott.com/contact/unsolicited/index.html]
[www.tomscott.com/contact/unsolicited/index.html]
[www.tomscott.com/contact/ideas/nota/good-ideas/index.html]
[www.tomscott.com/contact/ideas/nota/good-ideas/index.html]
